# battleworld/cluster
gc 1 @0.135s 1%: 0.027+7.8+0.10 ms clock, 0.11+0.12/7.3/14+0.42 ms cpu, 67->70->25 MB, 70 MB goal, 0 MB stacks, 1 MB globals, 4 P
# battleworld/cmd/server
gc 1 @0.004s 5%: 0.045+1.2+0.064 ms clock, 0.18+0.74/0.37/0.46+0.25 ms cpu, 3->4->3 MB, 4 MB goal, 0 MB stacks, 0 MB globals, 4 P
gc 2 @0.013s 3%: 0.025+0.37+0.002 ms clock, 0.10+0.061/0.28/0.42+0.011 ms cpu, 6->6->5 MB, 6 MB goal, 0 MB stacks, 0 MB globals, 4 P
gc 3 @0.075s 0%: 0.031+0.67+0.003 ms clock, 0.12+0.060/0.47/0.56+0.013 ms cpu, 10->10->8 MB, 11 MB goal, 0 MB stacks, 0 MB globals, 4 P
gc 4 @0.171s 0%: 0.040+0.82+0.058 ms clock, 0.16+0.15/0.50/0.71+0.23 ms cpu, 17->18->16 MB, 17 MB goal, 0 MB stacks, 0 MB globals, 4 P
gc 5 @0.308s 0%: 0.044+1.3+0.025 ms clock, 0.17+0/0.74/1.7+0.10 ms cpu, 32->32->30 MB, 33 MB goal, 0 MB stacks, 0 MB globals, 4 P
gc 6 @0.768s 0%: 0.070+1.3+0.043 ms clock, 0.28+0/1.1/1.1+0.17 ms cpu, 60->60->26 MB, 61 MB goal, 0 MB stacks, 0 MB globals, 4 P
网关已启动：127.0.0.1:9310
控制面节点：node-a=9311 node-b=9312 node-c=9313

2026/04/08 11:14:01 [32m/home/slightwo/L3RandP/student/storage/store.go:202 [33mSLOW SQL >= 200ms
[0m[31;1m[219.877ms] [33m[rows:1][35m SELECT "password_hash" FROM "users" WHERE username = 'bench_user_18' ORDER BY "users"."username" LIMIT 1[0m

2026/04/08 11:14:18 [32m/home/slightwo/L3RandP/student/storage/store.go:202 [33mSLOW SQL >= 200ms
[0m[31;1m[201.441ms] [33m[rows:1][35m SELECT "password_hash" FROM "users" WHERE username = 'bench_user_166' ORDER BY "users"."username" LIMIT 1[0m

2026/04/08 11:14:18 [32m/home/slightwo/L3RandP/student/storage/store.go:202 [33mSLOW SQL >= 200ms
[0m[31;1m[216.800ms] [33m[rows:1][35m SELECT "password_hash" FROM "users" WHERE username = 'bench_user_218' ORDER BY "users"."username" LIMIT 1[0m

2026/04/08 11:14:33 [32m/home/slightwo/L3RandP/student/storage/store.go:202 [33mSLOW SQL >= 200ms
[0m[31;1m[230.513ms] [33m[rows:1][35m SELECT "password_hash" FROM "users" WHERE username = 'bench_user_271' ORDER BY "users"."username" LIMIT 1[0m

2026/04/08 11:14:36 [32m/home/slightwo/L3RandP/student/storage/store.go:202 [33mSLOW SQL >= 200ms
[0m[31;1m[249.948ms] [33m[rows:1][35m SELECT "password_hash" FROM "users" WHERE username = 'bench_user_429' ORDER BY "users"."username" LIMIT 1[0m

2026/04/08 11:14:40 [32m/home/slightwo/L3RandP/student/storage/store.go:202 [33mSLOW SQL >= 200ms
[0m[31;1m[201.620ms] [33m[rows:1][35m SELECT "password_hash" FROM "users" WHERE username = 'bench_user_454' ORDER BY "users"."username" LIMIT 1[0m

2026/04/08 11:14:40 [32m/home/slightwo/L3RandP/student/storage/store.go:202 [33mSLOW SQL >= 200ms
[0m[31;1m[205.161ms] [33m[rows:1][35m SELECT "password_hash" FROM "users" WHERE username = 'bench_user_194' ORDER BY "users"."username" LIMIT 1[0m

2026/04/08 11:14:40 [32m/home/slightwo/L3RandP/student/storage/store.go:202 [33mSLOW SQL >= 200ms
[0m[31;1m[213.364ms] [33m[rows:1][35m SELECT "password_hash" FROM "users" WHERE username = 'bench_user_409' ORDER BY "users"."username" LIMIT 1[0m

2026/04/08 11:14:40 [32m/home/slightwo/L3RandP/student/storage/store.go:202 [33mSLOW SQL >= 200ms
[0m[31;1m[213.757ms] [33m[rows:1][35m SELECT "password_hash" FROM "users" WHERE username = 'bench_user_379' ORDER BY "users"."username" LIMIT 1[0m

2026/04/08 11:14:41 [32m/home/slightwo/L3RandP/student/storage/store.go:208 [33mSLOW SQL >= 200ms
[0m[31;1m[240.718ms] [33m[rows:1][35m UPDATE "users" SET "password_hash"='a665a45920422f9d417e4867efdc4fb8a04a1f3fff1fa07e998e86f7f7a27ae3',"last_map"='ruins',"last_node"='node-a',"x"=31,"y"=7,"hp"=120,"max_hp"=120,"attack"=35,"potions"=3,"treasures"=22,"kills"=0,"deaths"=0,"victories"=0,"alive"=true WHERE "username" = 'bench_user_455'[0m

2026/04/08 11:14:41 [32m/home/slightwo/L3RandP/student/storage/store.go:208 [33mSLOW SQL >= 200ms
[0m[31;1m[240.352ms] [33m[rows:1][35m UPDATE "users" SET "password_hash"='a665a45920422f9d417e4867efdc4fb8a04a1f3fff1fa07e998e86f7f7a27ae3',"last_map"='ruins',"last_node"='node-a',"x"=42,"y"=15,"hp"=120,"max_hp"=120,"attack"=35,"potions"=3,"treasures"=6,"kills"=0,"deaths"=0,"victories"=0,"alive"=true WHERE "username" = 'bench_user_425'[0m

2026/04/08 11:14:50 [32m/home/slightwo/L3RandP/student/storage/store.go:208 [33mSLOW SQL >= 200ms
[0m[31;1m[224.473ms] [33m[rows:1][35m UPDATE "users" SET "password_hash"='a665a45920422f9d417e4867efdc4fb8a04a1f3fff1fa07e998e86f7f7a27ae3',"last_map"='cave',"last_node"='node-b',"x"=29,"y"=16,"hp"=120,"max_hp"=120,"attack"=35,"potions"=3,"treasures"=19,"kills"=0,"deaths"=0,"victories"=0,"alive"=true WHERE "username" = 'bench_user_253'[0m

2026/04/08 11:14:52 [32m/home/slightwo/L3RandP/student/storage/store.go:208 [33mSLOW SQL >= 200ms
[0m[31;1m[207.752ms] [33m[rows:1][35m UPDATE "users" SET "password_hash"='a665a45920422f9d417e4867efdc4fb8a04a1f3fff1fa07e998e86f7f7a27ae3',"last_map"='green',"last_node"='node-a',"x"=54,"y"=15,"hp"=120,"max_hp"=120,"attack"=35,"potions"=3,"treasures"=42,"kills"=0,"deaths"=0,"victories"=0,"alive"=true WHERE "username" = 'bench_user_111'[0m

2026/04/08 11:14:52 [32m/home/slightwo/L3RandP/student/storage/store.go:202 [33mSLOW SQL >= 200ms
[0m[31;1m[210.191ms] [33m[rows:1][35m SELECT "password_hash" FROM "users" WHERE username = 'bench_user_271' ORDER BY "users"."username" LIMIT 1[0m

2026/04/08 11:14:57 [32m/home/slightwo/L3RandP/student/storage/store.go:202 [33mSLOW SQL >= 200ms
[0m[31;1m[233.885ms] [33m[rows:1][35m SELECT "password_hash" FROM "users" WHERE username = 'bench_user_71' ORDER BY "users"."username" LIMIT 1[0m

2026/04/08 11:15:05 [32m/home/slightwo/L3RandP/student/storage/store.go:202 [33mSLOW SQL >= 200ms
[0m[31;1m[202.543ms] [33m[rows:1][35m SELECT "password_hash" FROM "users" WHERE username = 'bench_user_59' ORDER BY "users"."username" LIMIT 1[0m

2026/04/08 11:15:13 [32m/home/slightwo/L3RandP/student/storage/store.go:202 [33mSLOW SQL >= 200ms
[0m[31;1m[212.064ms] [33m[rows:1][35m SELECT "password_hash" FROM "users" WHERE username = 'bench_user_202' ORDER BY "users"."username" LIMIT 1[0m

2026/04/08 11:15:18 [32m/home/slightwo/L3RandP/student/storage/store.go:208 [33mSLOW SQL >= 200ms
[0m[31;1m[243.146ms] [33m[rows:1][35m UPDATE "users" SET "password_hash"='a665a45920422f9d417e4867efdc4fb8a04a1f3fff1fa07e998e86f7f7a27ae3',"last_map"='green',"last_node"='node-a',"x"=51,"y"=21,"hp"=120,"max_hp"=120,"attack"=35,"potions"=3,"treasures"=0,"kills"=0,"deaths"=1,"victories"=0,"alive"=false WHERE "username" = 'bench_user_117'[0m

2026/04/08 11:15:18 [32m/home/slightwo/L3RandP/student/storage/store.go:208 [33mSLOW SQL >= 200ms
[0m[31;1m[252.625ms] [33m[rows:1][35m UPDATE "users" SET "password_hash"='a665a45920422f9d417e4867efdc4fb8a04a1f3fff1fa07e998e86f7f7a27ae3',"last_map"='ruins',"last_node"='node-a',"x"=46,"y"=11,"hp"=120,"max_hp"=120,"attack"=35,"potions"=3,"treasures"=10,"kills"=0,"deaths"=0,"victories"=0,"alive"=true WHERE "username" = 'bench_user_425'[0m

2026/04/08 11:15:20 [32m/home/slightwo/L3RandP/student/storage/store.go:202 [33mSLOW SQL >= 200ms
[0m[31;1m[202.395ms] [33m[rows:1][35m SELECT "password_hash" FROM "users" WHERE username = 'bench_user_32' ORDER BY "users"."username" LIMIT 1[0m

2026/04/08 11:15:20 [32m/home/slightwo/L3RandP/student/storage/store.go:202 [33mSLOW SQL >= 200ms
[0m[31;1m[212.161ms] [33m[rows:1][35m SELECT "password_hash" FROM "users" WHERE username = 'bench_user_96' ORDER BY "users"."username" LIMIT 1[0m

2026/04/08 11:15:20 [32m/home/slightwo/L3RandP/student/storage/store.go:202 [33mSLOW SQL >= 200ms
[0m[31;1m[215.174ms] [33m[rows:1][35m SELECT "password_hash" FROM "users" WHERE username = 'bench_user_124' ORDER BY "users"."username" LIMIT 1[0m

2026/04/08 11:15:20 [32m/home/slightwo/L3RandP/student/storage/store.go:202 [33mSLOW SQL >= 200ms
[0m[31;1m[221.374ms] [33m[rows:1][35m SELECT "password_hash" FROM "users" WHERE username = 'bench_user_277' ORDER BY "users"."username" LIMIT 1[0m

2026/04/08 11:15:20 [32m/home/slightwo/L3RandP/student/storage/store.go:202 [33mSLOW SQL >= 200ms
[0m[31;1m[238.296ms] [33m[rows:1][35m SELECT "password_hash" FROM "users" WHERE username = 'bench_user_199' ORDER BY "users"."username" LIMIT 1[0m

2026/04/08 11:15:20 [32m/home/slightwo/L3RandP/student/storage/store.go:202 [33mSLOW SQL >= 200ms
[0m[31;1m[268.221ms] [33m[rows:1][35m SELECT "password_hash" FROM "users" WHERE username = 'bench_user_31' ORDER BY "users"."username" LIMIT 1[0m

2026/04/08 11:15:21 [32m/home/slightwo/L3RandP/student/storage/store.go:202 [33mSLOW SQL >= 200ms
[0m[31;1m[200.232ms] [33m[rows:1][35m SELECT "password_hash" FROM "users" WHERE username = 'bench_user_491' ORDER BY "users"."username" LIMIT 1[0m

2026/04/08 11:15:21 [32m/home/slightwo/L3RandP/student/storage/store.go:202 [33mSLOW SQL >= 200ms
[0m[31;1m[200.919ms] [33m[rows:1][35m SELECT "password_hash" FROM "users" WHERE username = 'bench_user_50' ORDER BY "users"."username" LIMIT 1[0m

2026/04/08 11:15:21 [32m/home/slightwo/L3RandP/student/storage/store.go:202 [33mSLOW SQL >= 200ms
[0m[31;1m[234.483ms] [33m[rows:1][35m SELECT "password_hash" FROM "users" WHERE username = 'bench_user_114' ORDER BY "users"."username" LIMIT 1[0m

2026/04/08 11:15:25 [32m/home/slightwo/L3RandP/student/storage/store.go:202 [33mSLOW SQL >= 200ms
[0m[31;1m[224.687ms] [33m[rows:1][35m SELECT "password_hash" FROM "users" WHERE username = 'bench_user_319' ORDER BY "users"."username" LIMIT 1[0m

2026/04/08 11:15:29 [32m/home/slightwo/L3RandP/student/storage/store.go:202 [33mSLOW SQL >= 200ms
[0m[31;1m[212.087ms] [33m[rows:1][35m SELECT "password_hash" FROM "users" WHERE username = 'bench_user_385' ORDER BY "users"."username" LIMIT 1[0m

2026/04/08 11:15:29 [32m/home/slightwo/L3RandP/student/storage/store.go:202 [33mSLOW SQL >= 200ms
[0m[31;1m[213.387ms] [33m[rows:1][35m SELECT "password_hash" FROM "users" WHERE username = 'bench_user_272' ORDER BY "users"."username" LIMIT 1[0m

2026/04/08 11:15:29 [32m/home/slightwo/L3RandP/student/storage/store.go:202 [33mSLOW SQL >= 200ms
[0m[31;1m[213.492ms] [33m[rows:1][35m SELECT "password_hash" FROM "users" WHERE username = 'bench_user_379' ORDER BY "users"."username" LIMIT 1[0m

2026/04/08 11:15:29 [32m/home/slightwo/L3RandP/student/storage/store.go:202 [33mSLOW SQL >= 200ms
[0m[31;1m[213.979ms] [33m[rows:1][35m SELECT "password_hash" FROM "users" WHERE username = 'bench_user_154' ORDER BY "users"."username" LIMIT 1[0m

2026/04/08 11:15:29 [32m/home/slightwo/L3RandP/student/storage/store.go:202 [33mSLOW SQL >= 200ms
[0m[31;1m[214.849ms] [33m[rows:1][35m SELECT "password_hash" FROM "users" WHERE username = 'bench_user_70' ORDER BY "users"."username" LIMIT 1[0m

2026/04/08 11:15:29 [32m/home/slightwo/L3RandP/student/storage/store.go:202 [33mSLOW SQL >= 200ms
[0m[31;1m[266.631ms] [33m[rows:1][35m SELECT "password_hash" FROM "users" WHERE username = 'bench_user_95' ORDER BY "users"."username" LIMIT 1[0m

2026/04/08 11:15:29 [32m/home/slightwo/L3RandP/student/storage/store.go:202 [33mSLOW SQL >= 200ms
[0m[31;1m[200.103ms] [33m[rows:1][35m SELECT "password_hash" FROM "users" WHERE username = 'bench_user_421' ORDER BY "users"."username" LIMIT 1[0m

2026/04/08 11:15:36 [32m/home/slightwo/L3RandP/student/storage/store.go:202 [33mSLOW SQL >= 200ms
[0m[31;1m[207.703ms] [33m[rows:1][35m SELECT "password_hash" FROM "users" WHERE username = 'bench_user_453' ORDER BY "users"."username" LIMIT 1[0m

2026/04/08 11:15:36 [32m/home/slightwo/L3RandP/student/storage/store.go:202 [33mSLOW SQL >= 200ms
[0m[31;1m[220.626ms] [33m[rows:1][35m SELECT "password_hash" FROM "users" WHERE username = 'bench_user_348' ORDER BY "users"."username" LIMIT 1[0m

2026/04/08 11:15:36 [32m/home/slightwo/L3RandP/student/storage/store.go:208 [33mSLOW SQL >= 200ms
[0m[31;1m[228.094ms] [33m[rows:1][35m UPDATE "users" SET "password_hash"='a665a45920422f9d417e4867efdc4fb8a04a1f3fff1fa07e998e86f7f7a27ae3',"last_map"='cave',"last_node"='node-b',"x"=34,"y"=18,"hp"=120,"max_hp"=120,"attack"=35,"potions"=3,"treasures"=29,"kills"=0,"deaths"=0,"victories"=0,"alive"=true WHERE "username" = 'bench_user_1'[0m

2026/04/08 11:15:36 [32m/home/slightwo/L3RandP/student/storage/store.go:202 [33mSLOW SQL >= 200ms
[0m[31;1m[213.306ms] [33m[rows:1][35m SELECT "password_hash" FROM "users" WHERE username = 'bench_user_419' ORDER BY "users"."username" LIMIT 1[0m

2026/04/08 11:15:37 [32m/home/slightwo/L3RandP/student/storage/store.go:202 [33mSLOW SQL >= 200ms
[0m[31;1m[213.267ms] [33m[rows:1][35m SELECT "password_hash" FROM "users" WHERE username = 'bench_user_165' ORDER BY "users"."username" LIMIT 1[0m

2026/04/08 11:15:41 [31;1m/home/slightwo/L3RandP/student/storage/store.go:202 [35;1mfailed to connect to `user=postgres database=battleworld`: 127.0.0.1:5432 (localhost): server error: FATAL: sorry, too many clients already (SQLSTATE 53300)
[0m[33m[5.215ms] [34;1m[rows:0][0m SELECT "password_hash" FROM "users" WHERE username = 'bench_user_456' ORDER BY "users"."username" LIMIT 1

2026/04/08 11:15:41 [31;1m/home/slightwo/L3RandP/student/storage/store.go:202 [35;1mfailed to connect to `user=postgres database=battleworld`: 127.0.0.1:5432 (localhost): server error: FATAL: sorry, too many clients already (SQLSTATE 53300)
[0m[33m[5.729ms] [34;1m[rows:0][0m SELECT "password_hash" FROM "users" WHERE username = 'bench_user_268' ORDER BY "users"."username" LIMIT 1

2026/04/08 11:15:47 [32m/home/slightwo/L3RandP/student/storage/store.go:202 [33mSLOW SQL >= 200ms
[0m[31;1m[209.367ms] [33m[rows:1][35m SELECT "password_hash" FROM "users" WHERE username = 'bench_user_24' ORDER BY "users"."username" LIMIT 1[0m

2026/04/08 11:15:47 [32m/home/slightwo/L3RandP/student/storage/store.go:202 [33mSLOW SQL >= 200ms
[0m[31;1m[203.000ms] [33m[rows:1][35m SELECT "password_hash" FROM "users" WHERE username = 'bench_user_270' ORDER BY "users"."username" LIMIT 1[0m
signal: killed
